// Jest Snapshot v1, https://goo.gl/fbAQLP

exports[`CalendarHelper generateDays should generate 6 weeks from the specified month 1`] = `
[
  [
    "2023-01-01T00:00:00.000Z",
    "2023-01-02T00:00:00.000Z",
    "2023-01-03T00:00:00.000Z",
    "2023-01-04T00:00:00.000Z",
    "2023-01-05T00:00:00.000Z",
    "2023-01-06T00:00:00.000Z",
    "2023-01-07T00:00:00.000Z",
  ],
  [
    "2023-01-08T00:00:00.000Z",
    "2023-01-09T00:00:00.000Z",
    "2023-01-10T00:00:00.000Z",
    "2023-01-11T00:00:00.000Z",
    "2023-01-12T00:00:00.000Z",
    "2023-01-13T00:00:00.000Z",
    "2023-01-14T00:00:00.000Z",
  ],
  [
    "2023-01-15T00:00:00.000Z",
    "2023-01-16T00:00:00.000Z",
    "2023-01-17T00:00:00.000Z",
    "2023-01-18T00:00:00.000Z",
    "2023-01-19T00:00:00.000Z",
    "2023-01-20T00:00:00.000Z",
    "2023-01-21T00:00:00.000Z",
  ],
  [
    "2023-01-22T00:00:00.000Z",
    "2023-01-23T00:00:00.000Z",
    "2023-01-24T00:00:00.000Z",
    "2023-01-25T00:00:00.000Z",
    "2023-01-26T00:00:00.000Z",
    "2023-01-27T00:00:00.000Z",
    "2023-01-28T00:00:00.000Z",
  ],
  [
    "2023-01-29T00:00:00.000Z",
    "2023-01-30T00:00:00.000Z",
    "2023-01-31T00:00:00.000Z",
    "2023-02-01T00:00:00.000Z",
    "2023-02-02T00:00:00.000Z",
    "2023-02-03T00:00:00.000Z",
    "2023-02-04T00:00:00.000Z",
  ],
  [
    "2023-02-05T00:00:00.000Z",
    "2023-02-06T00:00:00.000Z",
    "2023-02-07T00:00:00.000Z",
    "2023-02-08T00:00:00.000Z",
    "2023-02-09T00:00:00.000Z",
    "2023-02-10T00:00:00.000Z",
    "2023-02-11T00:00:00.000Z",
  ],
]
`;

exports[`CalendarHelper generateDecadeOfYears should generate the date for the decade and 2 years before 1`] = `
[
  "2019-04-01T00:00:00.000Z",
  "2020-04-01T00:00:00.000Z",
  "2021-04-01T00:00:00.000Z",
  "2022-04-01T00:00:00.000Z",
  "2023-04-01T00:00:00.000Z",
  "2024-04-01T00:00:00.000Z",
  "2025-04-01T00:00:00.000Z",
  "2026-04-01T00:00:00.000Z",
  "2027-04-01T00:00:00.000Z",
  "2028-04-01T00:00:00.000Z",
  "2029-04-01T00:00:00.000Z",
  "2030-04-01T00:00:00.000Z",
]
`;

exports[`CalendarHelper generateMonths should generate the date for each month in the specified year 1`] = `
[
  "2023-01-01T00:00:00.000Z",
  "2023-02-01T00:00:00.000Z",
  "2023-03-01T00:00:00.000Z",
  "2023-04-01T00:00:00.000Z",
  "2023-05-01T00:00:00.000Z",
  "2023-06-01T00:00:00.000Z",
  "2023-07-01T00:00:00.000Z",
  "2023-08-01T00:00:00.000Z",
  "2023-09-01T00:00:00.000Z",
  "2023-10-01T00:00:00.000Z",
  "2023-11-01T00:00:00.000Z",
  "2023-12-01T00:00:00.000Z",
]
`;
